ERROR:    Exception in ASGI application
Traceback (most recent call last):
  File "/Users/debo/Documents/Debojyoti/Projects/svadesha-backend/.venv/lib/python3.12/site-packages/uvicorn/protocols/http/httptools_impl.py", line 401, in run_asgi
    result = await app(  # type: ignore[func-returns-value]
             ^^^^^^^^^^^^^^^^^^^^^^^^^^^^^^^^^^^^^^^^^^^^^^
  File "/Users/debo/Documents/Debojyoti/Projects/svadesha-backend/.venv/lib/python3.12/site-packages/uvicorn/middleware/proxy_headers.py", line 70, in __call__
    return await self.app(scope, receive, send)
           ^^^^^^^^^^^^^^^^^^^^^^^^^^^^^^^^^^^^
  File "/Users/debo/Documents/Debojyoti/Projects/svadesha-backend/.venv/lib/python3.12/site-packages/fastapi/applications.py", line 1054, in __call__
    await super().__call__(scope, receive, send)
  File "/Users/debo/Documents/Debojyoti/Projects/svadesha-backend/.venv/lib/python3.12/site-packages/starlette/applications.py", line 113, in __call__
    await self.middleware_stack(scope, receive, send)
  File "/Users/debo/Documents/Debojyoti/Projects/svadesha-backend/.venv/lib/python3.12/site-packages/starlette/middleware/errors.py", line 187, in __call__
    raise exc
  File "/Users/debo/Documents/Debojyoti/Projects/svadesha-backend/.venv/lib/python3.12/site-packages/starlette/middleware/errors.py", line 165, in __call__
    await self.app(scope, receive, _send)
  File "/Users/debo/Documents/Debojyoti/Projects/svadesha-backend/.venv/lib/python3.12/site-packages/starlette/middleware/cors.py", line 85, in __call__
    await self.app(scope, receive, send)
  File "/Users/debo/Documents/Debojyoti/Projects/svadesha-backend/.venv/lib/python3.12/site-packages/starlette/middleware/exceptions.py", line 62, in __call__
    await wrap_app_handling_exceptions(self.app, conn)(scope, receive, send)
  File "/Users/debo/Documents/Debojyoti/Projects/svadesha-backend/.venv/lib/python3.12/site-packages/starlette/_exception_handler.py", line 62, in wrapped_app
    raise exc
  File "/Users/debo/Documents/Debojyoti/Projects/svadesha-backend/.venv/lib/python3.12/site-packages/starlette/_exception_handler.py", line 51, in wrapped_app
    await app(scope, receive, sender)
  File "/Users/debo/Documents/Debojyoti/Projects/svadesha-backend/.venv/lib/python3.12/site-packages/starlette/routing.py", line 715, in __call__
    await self.middleware_stack(scope, receive, send)
  File "/Users/debo/Documents/Debojyoti/Projects/svadesha-backend/.venv/lib/python3.12/site-packages/starlette/routing.py", line 735, in app
    await route.handle(scope, receive, send)
  File "/Users/debo/Documents/Debojyoti/Projects/svadesha-backend/.venv/lib/python3.12/site-packages/starlette/routing.py", line 288, in handle
    await self.app(scope, receive, send)
  File "/Users/debo/Documents/Debojyoti/Projects/svadesha-backend/.venv/lib/python3.12/site-packages/starlette/routing.py", line 76, in app
    await wrap_app_handling_exceptions(app, request)(scope, receive, send)
  File "/Users/debo/Documents/Debojyoti/Projects/svadesha-backend/.venv/lib/python3.12/site-packages/starlette/_exception_handler.py", line 62, in wrapped_app
    raise exc
  File "/Users/debo/Documents/Debojyoti/Projects/svadesha-backend/.venv/lib/python3.12/site-packages/starlette/_exception_handler.py", line 51, in wrapped_app
    await app(scope, receive, sender)
  File "/Users/debo/Documents/Debojyoti/Projects/svadesha-backend/.venv/lib/python3.12/site-packages/starlette/routing.py", line 73, in app
    response = await f(request)
               ^^^^^^^^^^^^^^^^
  File "/Users/debo/Documents/Debojyoti/Projects/svadesha-backend/.venv/lib/python3.12/site-packages/fastapi/routing.py", line 301, in app
    raw_response = await run_endpoint_function(
                   ^^^^^^^^^^^^^^^^^^^^^^^^^^^^
  File "/Users/debo/Documents/Debojyoti/Projects/svadesha-backend/.venv/lib/python3.12/site-packages/fastapi/routing.py", line 212, in run_endpoint_function
    return await dependant.call(**values)
           ^^^^^^^^^^^^^^^^^^^^^^^^^^^^^^
  File "/Users/debo/Documents/Debojyoti/Projects/svadesha-backend/routers/products.py", line 40, in list_products
    cursor = database.products().find(query1)
                                      ^^^^^^
NameError: name 'query1' is not defined. Did you mean: 'query'?


